[2026-05-04T09:02:01] === launch_pipeline START ===
[2026-05-04T09:02:01] STEP 1: polling Google DNS until 4/4 Resend records visible...
[2026-05-04T09:02:01]   DNS check: 2/4 - TXT:prulesoul=OK TXT:resend=OK MX:send=... TXT:send=...
[2026-05-04T09:03:02]   DNS check: 3/4 - TXT:prulesoul=OK TXT:resend=OK MX:send=... TXT:send=OK
[2026-05-04T09:04:02]   DNS check: 1/4 - TXT:prulesoul=... TXT:resend=... MX:send=... TXT:send=OK
[2026-05-04T09:05:03]   DNS check: 2/4 - TXT:prulesoul=OK TXT:resend=OK MX:send=... TXT:send=...
[2026-05-04T09:06:03]   DNS check: 3/4 - TXT:prulesoul=OK TXT:resend=... MX:send=OK TXT:send=OK
[2026-05-04T09:07:03]   DNS check: 2/4 - TXT:prulesoul=OK TXT:resend=... MX:send=... TXT:send=OK
[2026-05-04T09:08:04]   DNS check: 3/4 - TXT:prulesoul=... TXT:resend=OK MX:send=OK TXT:send=OK
[2026-05-04T09:09:04]   DNS check: 2/4 - TXT:prulesoul=OK TXT:resend=... MX:send=... TXT:send=OK
[2026-05-04T09:10:05]   DNS check: 2/4 - TXT:prulesoul=... TXT:resend=OK MX:send=OK TXT:send=...
[2026-05-04T09:11:05]   DNS check: 0/4 - TXT:prulesoul=... TXT:resend=... MX:send=... TXT:send=...
[2026-05-04T09:12:05]   DNS check: 3/4 - TXT:prulesoul=... TXT:resend=OK MX:send=OK TXT:send=OK
[2026-05-04T09:13:06]   DNS check: 1/4 - TXT:prulesoul=OK TXT:resend=... MX:send=... TXT:send=...
[2026-05-04T09:14:06]   DNS check: 2/4 - TXT:prulesoul=OK TXT:resend=... MX:send=OK TXT:send=...
[2026-05-04T09:15:07]   DNS check: 2/4 - TXT:prulesoul=OK TXT:resend=OK MX:send=... TXT:send=...
[2026-05-04T09:16:07]   DNS check: 2/4 - TXT:prulesoul=... TXT:resend=OK MX:send=OK TXT:send=...
[2026-05-04T09:17:07]   DNS check: 1/4 - TXT:prulesoul=... TXT:resend=OK MX:send=... TXT:send=...
[2026-05-04T09:18:08]   DNS check: 1/4 - TXT:prulesoul=... TXT:resend=OK MX:send=... TXT:send=...
[2026-05-04T09:19:08]   DNS check: 4/4 - TXT:prulesoul=OK TXT:resend=OK MX:send=OK TXT:send=OK
[2026-05-04T09:19:08]   ✓ All 4 records propagated.
[2026-05-04T09:19:08] STEP 2: triggering Resend domain verify...
[2026-05-04T09:19:08]   verify trigger: HTTP 403 → None
[2026-05-04T09:19:08] STEP 3: polling Resend domain status until verified...
[2026-05-04T09:19:08]   Resend status = unknown
[2026-05-04T09:21:09]   Resend status = unknown
[2026-05-04T09:23:09]   Resend status = unknown
[2026-05-04T09:25:09]   Resend status = unknown
[2026-05-04T09:27:09]   Resend status = unknown
[2026-05-04T09:29:09]   Resend status = unknown
[2026-05-04T09:31:10]   Resend status = unknown
[2026-05-04T09:33:10]   Resend status = unknown
[2026-05-04T09:35:10]   Resend status = unknown
[2026-05-04T09:37:10]   Resend status = unknown
[2026-05-04T09:39:10]   Resend status = unknown
[2026-05-04T09:41:10]   Resend status = unknown
